00000000-00000fff : Reserved
00001000-0009efff : System RAM
0009f000-000fffff : Reserved
  000a0000-000bffff : PCI Bus 0000:00
  000f0000-000fffff : System ROM
00100000-40b0bfff : System RAM
40b0c000-40b0cfff : Reserved
40b0d000-43692fff : System RAM
43693000-46a01fff : Reserved
46a02000-46ae9fff : ACPI Non-volatile Storage
46aea000-46bfefff : ACPI Tables
46bff000-46bfffff : System RAM
46c00000-491fffff : Reserved
49e00000-503fffff : Reserved
50400000-bfffffff : PCI Bus 0000:00
  50400000-5041ffff : 0000:00:1f.6
  50420000-50421fff : 0000:00:17.0
    50420000-50421fff : ahci
  50422000-50422fff : 0000:00:1f.5
  50423000-504237ff : 0000:00:17.0
    50423000-504237ff : ahci
  50424000-504240ff : 0000:00:17.0
    50424000-504240ff : ahci
c0000000-cfffffff : PCI MMCONFIG 0000 [bus 00-ff]
fd690000-fd69ffff : INTC1055:00
fd6a0000-fd6affff : INTC1055:00
fd6d0000-fd6dffff : INTC1055:00
fd6e0000-fd6effff : INTC1055:00
fe001210-fe001247 : INTC1023:00
  fe001210-fe001247 : INTC1023:00 INTC1023:00
fe001310-fe001347 : INTC1024:00
  fe001310-fe001347 : INTC1024:00 INTC1024:00
fec00000-fec003ff : IOAPIC 0
fed00000-fed003ff : HPET 0
  fed00000-fed003ff : PNP0103:00
fed20000-fed7ffff : Reserved
  fed20000-fed7ffff : pnp 00:05
fed90000-fed93fff : pnp 00:05
feda0000-feda0fff : pnp 00:05
feda1000-feda1fff : pnp 00:05
fedc0000-fedc7fff : pnp 00:05
fee00000-feefffff : pnp 00:05
  fee00000-fee00fff : Local APIC
ff000000-ffffffff : Reserved
100000000-4afbfffff : System RAM
  48ee00000-48fe011e0 : Kernel code
  48fe011e1-4905b247f : Kernel data
  490c25000-4911fffff : Kernel bss
4afc00000-4afffffff : RAM buffer
4000000000-7fffffffff : PCI Bus 0000:00
  4000000000-400fffffff : 0000:00:02.0
  4010000000-4016ffffff : 0000:00:02.0
  4017000000-4017000fff : 0000:00:15.0
  4017001000-4017001fff : 0000:00:15.1
  4017002000-4017002fff : 0000:00:19.0
  4017003000-4017003fff : 0000:00:19.1
  4017004000-4017004fff : 0000:00:1e.0
  4017005000-4017005fff : 0000:00:1e.3
  4020000000-40ffffffff : 0000:00:02.0
  6000000000-6000ffffff : 0000:00:05.0
  6001000000-6001ffffff : 0000:00:02.0
  6002000000-60021fffff : 0000:00:14.1
  6002200000-600221ffff : 0000:00:04.0
  6002220000-600222ffff : 0000:00:14.0
    6002220000-600222ffff : xhci-hcd
  6002230000-600223ffff : 0000:00:12.0
  6002240000-6002247fff : 0000:00:0a.0
  6002248000-600224bfff : 0000:00:14.2
  600224c000-600224c0ff : 0000:00:1f.4
  6002254000-6002254fff : 0000:00:14.2
  6002255000-6002255fff : 0000:00:14.1
  6002256000-6002256fff : 0000:00:08.0
